Archive member included to satisfy reference by file (symbol)

e:/7.0/toolchain/avr8/avr8-gnu-toolchain/bin/../lib/gcc/avr/5.4.0/../../../../avr/lib/avr5\libm.a(fixunssfsi.o)
                              HAL/Temp sensor/LM35.o (__fixunssfsi)
e:/7.0/toolchain/avr8/avr8-gnu-toolchain/bin/../lib/gcc/avr/5.4.0/../../../../avr/lib/avr5\libm.a(floatsisf.o)
                              HAL/Temp sensor/LM35.o (__floatunsisf)
e:/7.0/toolchain/avr8/avr8-gnu-toolchain/bin/../lib/gcc/avr/5.4.0/../../../../avr/lib/avr5\libm.a(fp_split3.o)
                              e:/7.0/toolchain/avr8/avr8-gnu-toolchain/bin/../lib/gcc/avr/5.4.0/../../../../avr/lib/avr5\libm.a(fixunssfsi.o) (__fp_splitA)
e:/7.0/toolchain/avr8/avr8-gnu-toolchain/bin/../lib/gcc/avr/5.4.0/../../../../avr/lib/avr5\libm.a(fp_zero.o)
                              e:/7.0/toolchain/avr8/avr8-gnu-toolchain/bin/../lib/gcc/avr/5.4.0/../../../../avr/lib/avr5\libm.a(fixunssfsi.o) (__fp_zero)
e:/7.0/toolchain/avr8/avr8-gnu-toolchain/bin/../lib/gcc/avr/5.4.0/../../../../avr/lib/avr5\libm.a(mulsf3.o)
                              HAL/Temp sensor/LM35.o (__mulsf3)
e:/7.0/toolchain/avr8/avr8-gnu-toolchain/bin/../lib/gcc/avr/5.4.0/../../../../avr/lib/avr5\libm.a(mulsf3x.o)
                              e:/7.0/toolchain/avr8/avr8-gnu-toolchain/bin/../lib/gcc/avr/5.4.0/../../../../avr/lib/avr5\libm.a(mulsf3.o) (__mulsf3x)
e:/7.0/toolchain/avr8/avr8-gnu-toolchain/bin/../lib/gcc/avr/5.4.0/../../../../avr/lib/avr5\libm.a(fp_inf.o)
                              e:/7.0/toolchain/avr8/avr8-gnu-toolchain/bin/../lib/gcc/avr/5.4.0/../../../../avr/lib/avr5\libm.a(mulsf3x.o) (__fp_inf)
e:/7.0/toolchain/avr8/avr8-gnu-toolchain/bin/../lib/gcc/avr/5.4.0/../../../../avr/lib/avr5\libm.a(fp_nan.o)
                              e:/7.0/toolchain/avr8/avr8-gnu-toolchain/bin/../lib/gcc/avr/5.4.0/../../../../avr/lib/avr5\libm.a(mulsf3x.o) (__fp_nan)
e:/7.0/toolchain/avr8/avr8-gnu-toolchain/bin/../lib/gcc/avr/5.4.0/../../../../avr/lib/avr5\libm.a(fp_pscA.o)
                              e:/7.0/toolchain/avr8/avr8-gnu-toolchain/bin/../lib/gcc/avr/5.4.0/../../../../avr/lib/avr5\libm.a(mulsf3x.o) (__fp_pscA)
e:/7.0/toolchain/avr8/avr8-gnu-toolchain/bin/../lib/gcc/avr/5.4.0/../../../../avr/lib/avr5\libm.a(fp_pscB.o)
                              e:/7.0/toolchain/avr8/avr8-gnu-toolchain/bin/../lib/gcc/avr/5.4.0/../../../../avr/lib/avr5\libm.a(mulsf3x.o) (__fp_pscB)
e:/7.0/toolchain/avr8/avr8-gnu-toolchain/bin/../lib/gcc/avr/5.4.0/../../../../avr/lib/avr5\libm.a(fp_round.o)
                              e:/7.0/toolchain/avr8/avr8-gnu-toolchain/bin/../lib/gcc/avr/5.4.0/../../../../avr/lib/avr5\libm.a(mulsf3.o) (__fp_round)
e:/7.0/toolchain/avr8/avr8-gnu-toolchain/bin/../lib/gcc/avr/5.4.0/avr5\libgcc.a(_divmodhi4.o)
                              APP/APP.o (__divmodhi4)
e:/7.0/toolchain/avr8/avr8-gnu-toolchain/bin/../lib/gcc/avr/5.4.0/avr5\libgcc.a(_exit.o)
                              E:/7.0/Packs/atmel/ATmega_DFP/1.2.209/gcc/dev/atmega32/avr5/crtatmega32.o (exit)
e:/7.0/toolchain/avr8/avr8-gnu-toolchain/bin/../lib/gcc/avr/5.4.0/avr5\libgcc.a(_copy_data.o)
                              APP/APP.o (__do_copy_data)
e:/7.0/toolchain/avr8/avr8-gnu-toolchain/bin/../lib/gcc/avr/5.4.0/avr5\libgcc.a(_clear_bss.o)
                              APP/APP.o (__do_clear_bss)
e:/7.0/toolchain/avr8/avr8-gnu-toolchain/bin/../lib/gcc/avr/5.4.0/avr5\libgcc.a(_udivmodhi4.o)
                              e:/7.0/toolchain/avr8/avr8-gnu-toolchain/bin/../lib/gcc/avr/5.4.0/avr5\libgcc.a(_divmodhi4.o) (__udivmodhi4)
e:/7.0/toolchain/avr8/avr8-gnu-toolchain/bin/../lib/gcc/avr/5.4.0/../../../../avr/lib/avr5\libc.a(itoa.o)
                              HAL/LCD/LCD.o (itoa)
e:/7.0/toolchain/avr8/avr8-gnu-toolchain/bin/../lib/gcc/avr/5.4.0/../../../../avr/lib/avr5\libc.a(itoa_ncheck.o)
                              e:/7.0/toolchain/avr8/avr8-gnu-toolchain/bin/../lib/gcc/avr/5.4.0/../../../../avr/lib/avr5\libc.a(itoa.o) (__itoa_ncheck)
e:/7.0/toolchain/avr8/avr8-gnu-toolchain/bin/../lib/gcc/avr/5.4.0/../../../../avr/lib/avr5\libc.a(utoa_ncheck.o)
                              e:/7.0/toolchain/avr8/avr8-gnu-toolchain/bin/../lib/gcc/avr/5.4.0/../../../../avr/lib/avr5\libc.a(itoa_ncheck.o) (__utoa_common)
e:/7.0/toolchain/avr8/avr8-gnu-toolchain/bin/../lib/gcc/avr/5.4.0/../../../../avr/lib/avr5\libc.a(strrev.o)
                              e:/7.0/toolchain/avr8/avr8-gnu-toolchain/bin/../lib/gcc/avr/5.4.0/../../../../avr/lib/avr5\libc.a(utoa_ncheck.o) (strrev)

Discarded input sections

 .data          0x00000000        0x0 E:/7.0/Packs/atmel/ATmega_DFP/1.2.209/gcc/dev/atmega32/avr5/crtatmega32.o
 .bss           0x00000000        0x0 E:/7.0/Packs/atmel/ATmega_DFP/1.2.209/gcc/dev/atmega32/avr5/crtatmega32.o
 .text          0x00000000        0x0 APP/APP.o
 .data          0x00000000        0x0 APP/APP.o
 .bss           0x00000000        0x0 APP/APP.o
 .text          0x00000000        0x0 HAL/BUZZER/Buzzer.o
 .data          0x00000000        0x0 HAL/BUZZER/Buzzer.o
 .bss           0x00000000        0x0 HAL/BUZZER/Buzzer.o
 .text          0x00000000        0x0 HAL/EEPROM/EEPROm.o
 .data          0x00000000        0x0 HAL/EEPROM/EEPROm.o
 .bss           0x00000000        0x0 HAL/EEPROM/EEPROm.o
 .text.EEPROM_writeDataStream
                0x00000000       0x60 HAL/EEPROM/EEPROm.o
 .text.EEPROM_readDatastream
                0x00000000       0x68 HAL/EEPROM/EEPROm.o
 .text          0x00000000        0x0 HAL/FAN/fan_motors.o
 .data          0x00000000        0x0 HAL/FAN/fan_motors.o
 .bss           0x00000000        0x0 HAL/FAN/fan_motors.o
 .text          0x00000000        0x0 HAL/LCD/LCD.o
 .data          0x00000000        0x0 HAL/LCD/LCD.o
 .bss           0x00000000        0x0 HAL/LCD/LCD.o
 .text          0x00000000        0x0 HAL/LED/LED.o
 .data          0x00000000        0x0 HAL/LED/LED.o
 .bss           0x00000000        0x0 HAL/LED/LED.o
 .text          0x00000000        0x0 HAL/SevenSegment/Seven_Segment.o
 .data          0x00000000        0x0 HAL/SevenSegment/Seven_Segment.o
 .bss           0x00000000        0x0 HAL/SevenSegment/Seven_Segment.o
 .text          0x00000000        0x0 HAL/Temp sensor/LM35.o
 .data          0x00000000        0x0 HAL/Temp sensor/LM35.o
 .bss           0x00000000        0x0 HAL/Temp sensor/LM35.o
 .text          0x00000000        0x0 main.o
 .data          0x00000000        0x0 main.o
 .bss           0x00000000        0x0 main.o
 .text          0x00000000        0x0 MCAL/INTERUPTS/Interupt.o
 .data          0x00000000        0x0 MCAL/INTERUPTS/Interupt.o
 .bss           0x00000000        0x0 MCAL/INTERUPTS/Interupt.o
 .text          0x00000000        0x0 MCAL/Timers/TIMERS.o
 .data          0x00000000        0x0 MCAL/Timers/TIMERS.o
 .bss           0x00000000        0x0 MCAL/Timers/TIMERS.o
 .text          0x00000000        0x0 MCAL/TWI/I2C.o
 .data          0x00000000        0x0 MCAL/TWI/I2C.o
 .bss           0x00000000        0x0 MCAL/TWI/I2C.o
 .text          0x00000000        0x0 e:/7.0/toolchain/avr8/avr8-gnu-toolchain/bin/../lib/gcc/avr/5.4.0/../../../../avr/lib/avr5\libm.a(fixunssfsi.o)
 .data          0x00000000        0x0 e:/7.0/toolchain/avr8/avr8-gnu-toolchain/bin/../lib/gcc/avr/5.4.0/../../../../avr/lib/avr5\libm.a(fixunssfsi.o)
 .bss           0x00000000        0x0 e:/7.0/toolchain/avr8/avr8-gnu-toolchain/bin/../lib/gcc/avr/5.4.0/../../../../avr/lib/avr5\libm.a(fixunssfsi.o)
 .text          0x00000000        0x0 e:/7.0/toolchain/avr8/avr8-gnu-toolchain/bin/../lib/gcc/avr/5.4.0/../../../../avr/lib/avr5\libm.a(floatsisf.o)
 .data          0x00000000        0x0 e:/7.0/toolchain/avr8/avr8-gnu-toolchain/bin/../lib/gcc/avr/5.4.0/../../../../avr/lib/avr5\libm.a(floatsisf.o)
 .bss           0x00000000        0x0 e:/7.0/toolchain/avr8/avr8-gnu-toolchain/bin/../lib/gcc/avr/5.4.0/../../../../avr/lib/avr5\libm.a(floatsisf.o)
 .text          0x00000000        0x0 e:/7.0/toolchain/avr8/avr8-gnu-toolchain/bin/../lib/gcc/avr/5.4.0/../../../../avr/lib/avr5\libm.a(fp_split3.o)
 .data          0x00000000        0x0 e:/7.0/toolchain/avr8/avr8-gnu-toolchain/bin/../lib/gcc/avr/5.4.0/../../../../avr/lib/avr5\libm.a(fp_split3.o)
 .bss           0x00000000        0x0 e:/7.0/toolchain/avr8/avr8-gnu-toolchain/bin/../lib/gcc/avr/5.4.0/../../../../avr/lib/avr5\libm.a(fp_split3.o)
 .text          0x00000000        0x0 e:/7.0/toolchain/avr8/avr8-gnu-toolchain/bin/../lib/gcc/avr/5.4.0/../../../../avr/lib/avr5\libm.a(fp_zero.o)
 .data          0x00000000        0x0 e:/7.0/toolchain/avr8/avr8-gnu-toolchain/bin/../lib/gcc/avr/5.4.0/../../../../avr/lib/avr5\libm.a(fp_zero.o)
 .bss           0x00000000        0x0 e:/7.0/toolchain/avr8/avr8-gnu-toolchain/bin/../lib/gcc/avr/5.4.0/../../../../avr/lib/avr5\libm.a(fp_zero.o)
 .text          0x00000000        0x0 e:/7.0/toolchain/avr8/avr8-gnu-toolchain/bin/../lib/gcc/avr/5.4.0/../../../../avr/lib/avr5\libm.a(mulsf3.o)
 .data          0x00000000        0x0 e:/7.0/toolchain/avr8/avr8-gnu-toolchain/bin/../lib/gcc/avr/5.4.0/../../../../avr/lib/avr5\libm.a(mulsf3.o)
 .bss           0x00000000        0x0 e:/7.0/toolchain/avr8/avr8-gnu-toolchain/bin/../lib/gcc/avr/5.4.0/../../../../avr/lib/avr5\libm.a(mulsf3.o)
 .text          0x00000000        0x0 e:/7.0/toolchain/avr8/avr8-gnu-toolchain/bin/../lib/gcc/avr/5.4.0/../../../../avr/lib/avr5\libm.a(mulsf3x.o)
 .data          0x00000000        0x0 e:/7.0/toolchain/avr8/avr8-gnu-toolchain/bin/../lib/gcc/avr/5.4.0/../../../../avr/lib/avr5\libm.a(mulsf3x.o)
 .bss           0x00000000        0x0 e:/7.0/toolchain/avr8/avr8-gnu-toolchain/bin/../lib/gcc/avr/5.4.0/../../../../avr/lib/avr5\libm.a(mulsf3x.o)
 .text          0x00000000        0x0 e:/7.0/toolchain/avr8/avr8-gnu-toolchain/bin/../lib/gcc/avr/5.4.0/../../../../avr/lib/avr5\libm.a(fp_inf.o)
 .data          0x00000000        0x0 e:/7.0/toolchain/avr8/avr8-gnu-toolchain/bin/../lib/gcc/avr/5.4.0/../../../../avr/lib/avr5\libm.a(fp_inf.o)
 .bss           0x00000000        0x0 e:/7.0/toolchain/avr8/avr8-gnu-toolchain/bin/../lib/gcc/avr/5.4.0/../../../../avr/lib/avr5\libm.a(fp_inf.o)
 .text          0x00000000        0x0 e:/7.0/toolchain/avr8/avr8-gnu-toolchain/bin/../lib/gcc/avr/5.4.0/../../../../avr/lib/avr5\libm.a(fp_nan.o)
 .data          0x00000000        0x0 e:/7.0/toolchain/avr8/avr8-gnu-toolchain/bin/../lib/gcc/avr/5.4.0/../../../../avr/lib/avr5\libm.a(fp_nan.o)
 .bss           0x00000000        0x0 e:/7.0/toolchain/avr8/avr8-gnu-toolchain/bin/../lib/gcc/avr/5.4.0/../../../../avr/lib/avr5\libm.a(fp_nan.o)
 .text          0x00000000        0x0 e:/7.0/toolchain/avr8/avr8-gnu-toolchain/bin/../lib/gcc/avr/5.4.0/../../../../avr/lib/avr5\libm.a(fp_pscA.o)
 .data          0x00000000        0x0 e:/7.0/toolchain/avr8/avr8-gnu-toolchain/bin/../lib/gcc/avr/5.4.0/../../../../avr/lib/avr5\libm.a(fp_pscA.o)
 .bss           0x00000000        0x0 e:/7.0/toolchain/avr8/avr8-gnu-toolchain/bin/../lib/gcc/avr/5.4.0/../../../../avr/lib/avr5\libm.a(fp_pscA.o)
 .text          0x00000000        0x0 e:/7.0/toolchain/avr8/avr8-gnu-toolchain/bin/../lib/gcc/avr/5.4.0/../../../../avr/lib/avr5\libm.a(fp_pscB.o)
 .data          0x00000000        0x0 e:/7.0/toolchain/avr8/avr8-gnu-toolchain/bin/../lib/gcc/avr/5.4.0/../../../../avr/lib/avr5\libm.a(fp_pscB.o)
 .bss           0x00000000        0x0 e:/7.0/toolchain/avr8/avr8-gnu-toolchain/bin/../lib/gcc/avr/5.4.0/../../../../avr/lib/avr5\libm.a(fp_pscB.o)
 .text          0x00000000        0x0 e:/7.0/toolchain/avr8/avr8-gnu-toolchain/bin/../lib/gcc/avr/5.4.0/../../../../avr/lib/avr5\libm.a(fp_round.o)
 .data          0x00000000        0x0 e:/7.0/toolchain/avr8/avr8-gnu-toolchain/bin/../lib/gcc/avr/5.4.0/../../../../avr/lib/avr5\libm.a(fp_round.o)
 .bss           0x00000000        0x0 e:/7.0/toolchain/avr8/avr8-gnu-toolchain/bin/../lib/gcc/avr/5.4.0/../../../../avr/lib/avr5\libm.a(fp_round.o)
 .text          0x00000000        0x0 e:/7.0/toolchain/avr8/avr8-gnu-toolchain/bin/../lib/gcc/avr/5.4.0/avr5\libgcc.a(_divmodhi4.o)
 .data          0x00000000        0x0 e:/7.0/toolchain/avr8/avr8-gnu-toolchain/bin/../lib/gcc/avr/5.4.0/avr5\libgcc.a(_divmodhi4.o)
 .bss           0x00000000        0x0 e:/7.0/toolchain/avr8/avr8-gnu-toolchain/bin/../lib/gcc/avr/5.4.0/avr5\libgcc.a(_divmodhi4.o)
 .text.libgcc.mul
                0x00000000        0x0 e:/7.0/toolchain/avr8/avr8-gnu-toolchain/bin/../lib/gcc/avr/5.4.0/avr5\libgcc.a(_divmodhi4.o)
 .text.libgcc   0x00000000        0x0 e:/7.0/toolchain/avr8/avr8-gnu-toolchain/bin/../lib/gcc/avr/5.4.0/avr5\libgcc.a(_divmodhi4.o)
 .text.libgcc.prologue
                0x00000000        0x0 e:/7.0/toolchain/avr8/avr8-gnu-toolchain/bin/../lib/gcc/avr/5.4.0/avr5\libgcc.a(_divmodhi4.o)
 .text.libgcc.builtins
                0x00000000        0x0 e:/7.0/toolchain/avr8/avr8-gnu-toolchain/bin/../lib/gcc/avr/5.4.0/avr5\libgcc.a(_divmodhi4.o)
 .text.libgcc.fmul
                0x00000000        0x0 e:/7.0/toolchain/avr8/avr8-gnu-toolchain/bin/../lib/gcc/avr/5.4.0/avr5\libgcc.a(_divmodhi4.o)
 .text.libgcc.fixed
                0x00000000        0x0 e:/7.0/toolchain/avr8/avr8-gnu-toolchain/bin/../lib/gcc/avr/5.4.0/avr5\libgcc.a(_divmodhi4.o)
 .text          0x00000000        0x0 e:/7.0/toolchain/avr8/avr8-gnu-toolchain/bin/../lib/gcc/avr/5.4.0/avr5\libgcc.a(_exit.o)
 .data          0x00000000        0x0 e:/7.0/toolchain/avr8/avr8-gnu-toolchain/bin/../lib/gcc/avr/5.4.0/avr5\libgcc.a(_exit.o)
 .bss           0x00000000        0x0 e:/7.0/toolchain/avr8/avr8-gnu-toolchain/bin/../lib/gcc/avr/5.4.0/avr5\libgcc.a(_exit.o)
 .text.libgcc.mul
                0x00000000        0x0 e:/7.0/toolchain/avr8/avr8-gnu-toolchain/bin/../lib/gcc/avr/5.4.0/avr5\libgcc.a(_exit.o)
 .text.libgcc.div
                0x00000000        0x0 e:/7.0/toolchain/avr8/avr8-gnu-toolchain/bin/../lib/gcc/avr/5.4.0/avr5\libgcc.a(_exit.o)
 .text.libgcc   0x00000000        0x0 e:/7.0/toolchain/avr8/avr8-gnu-toolchain/bin/../lib/gcc/avr/5.4.0/avr5\libgcc.a(_exit.o)
 .text.libgcc.prologue
                0x00000000        0x0 e:/7.0/toolchain/avr8/avr8-gnu-toolchain/bin/../lib/gcc/avr/5.4.0/avr5\libgcc.a(_exit.o)
 .text.libgcc.builtins
                0x00000000        0x0 e:/7.0/toolchain/avr8/avr8-gnu-toolchain/bin/../lib/gcc/avr/5.4.0/avr5\libgcc.a(_exit.o)
 .text.libgcc.fmul
                0x00000000        0x0 e:/7.0/toolchain/avr8/avr8-gnu-toolchain/bin/../lib/gcc/avr/5.4.0/avr5\libgcc.a(_exit.o)
 .text.libgcc.fixed
                0x00000000        0x0 e:/7.0/toolchain/avr8/avr8-gnu-toolchain/bin/../lib/gcc/avr/5.4.0/avr5\libgcc.a(_exit.o)
 .text          0x00000000        0x0 e:/7.0/toolchain/avr8/avr8-gnu-toolchain/bin/../lib/gcc/avr/5.4.0/avr5\libgcc.a(_copy_data.o)
 .data          0x00000000        0x0 e:/7.0/toolchain/avr8/avr8-gnu-toolchain/bin/../lib/gcc/avr/5.4.0/avr5\libgcc.a(_copy_data.o)
 .bss           0x00000000        0x0 e:/7.0/toolchain/avr8/avr8-gnu-toolchain/bin/../lib/gcc/avr/5.4.0/avr5\libgcc.a(_copy_data.o)
 .text.libgcc.mul
                0x00000000        0x0 e:/7.0/toolchain/avr8/avr8-gnu-toolchain/bin/../lib/gcc/avr/5.4.0/avr5\libgcc.a(_copy_data.o)
 .text.libgcc.div
                0x00000000        0x0 e:/7.0/toolchain/avr8/avr8-gnu-toolchain/bin/../lib/gcc/avr/5.4.0/avr5\libgcc.a(_copy_data.o)
 .text.libgcc   0x00000000        0x0 e:/7.0/toolchain/avr8/avr8-gnu-toolchain/bin/../lib/gcc/avr/5.4.0/avr5\libgcc.a(_copy_data.o)
 .text.libgcc.prologue
                0x00000000        0x0 e:/7.0/toolchain/avr8/avr8-gnu-toolchain/bin/../lib/gcc/avr/5.4.0/avr5\libgcc.a(_copy_data.o)
 .text.libgcc.builtins
                0x00000000        0x0 e:/7.0/toolchain/avr8/avr8-gnu-toolchain/bin/../lib/gcc/avr/5.4.0/avr5\libgcc.a(_copy_data.o)
 .text.libgcc.fmul
                0x00000000        0x0 e:/7.0/toolchain/avr8/avr8-gnu-toolchain/bin/../lib/gcc/avr/5.4.0/avr5\libgcc.a(_copy_data.o)
 .text.libgcc.fixed
                0x00000000        0x0 e:/7.0/toolchain/avr8/avr8-gnu-toolchain/bin/../lib/gcc/avr/5.4.0/avr5\libgcc.a(_copy_data.o)
 .text          0x00000000        0x0 e:/7.0/toolchain/avr8/avr8-gnu-toolchain/bin/../lib/gcc/avr/5.4.0/avr5\libgcc.a(_clear_bss.o)
 .data          0x00000000        0x0 e:/7.0/toolchain/avr8/avr8-gnu-toolchain/bin/../lib/gcc/avr/5.4.0/avr5\libgcc.a(_clear_bss.o)
 .bss           0x00000000        0x0 e:/7.0/toolchain/avr8/avr8-gnu-toolchain/bin/../lib/gcc/avr/5.4.0/avr5\libgcc.a(_clear_bss.o)
 .text.libgcc.mul
                0x00000000        0x0 e:/7.0/toolchain/avr8/avr8-gnu-toolchain/bin/../lib/gcc/avr/5.4.0/avr5\libgcc.a(_clear_bss.o)
 .text.libgcc.div
                0x00000000        0x0 e:/7.0/toolchain/avr8/avr8-gnu-toolchain/bin/../lib/gcc/avr/5.4.0/avr5\libgcc.a(_clear_bss.o)
 .text.libgcc   0x00000000        0x0 e:/7.0/toolchain/avr8/avr8-gnu-toolchain/bin/../lib/gcc/avr/5.4.0/avr5\libgcc.a(_clear_bss.o)
 .text.libgcc.prologue
                0x00000000        0x0 e:/7.0/toolchain/avr8/avr8-gnu-toolchain/bin/../lib/gcc/avr/5.4.0/avr5\libgcc.a(_clear_bss.o)
 .text.libgcc.builtins
                0x00000000        0x0 e:/7.0/toolchain/avr8/avr8-gnu-toolchain/bin/../lib/gcc/avr/5.4.0/avr5\libgcc.a(_clear_bss.o)
 .text.libgcc.fmul
                0x00000000        0x0 e:/7.0/toolchain/avr8/avr8-gnu-toolchain/bin/../lib/gcc/avr/5.4.0/avr5\libgcc.a(_clear_bss.o)
 .text.libgcc.fixed
                0x00000000        0x0 e:/7.0/toolchain/avr8/avr8-gnu-toolchain/bin/../lib/gcc/avr/5.4.0/avr5\libgcc.a(_clear_bss.o)
 .text          0x00000000        0x0 e:/7.0/toolchain/avr8/avr8-gnu-toolchain/bin/../lib/gcc/avr/5.4.0/avr5\libgcc.a(_udivmodhi4.o)
 .data          0x00000000        0x0 e:/7.0/toolchain/avr8/avr8-gnu-toolchain/bin/../lib/gcc/avr/5.4.0/avr5\libgcc.a(_udivmodhi4.o)
 .bss           0x00000000        0x0 e:/7.0/toolchain/avr8/avr8-gnu-toolchain/bin/../lib/gcc/avr/5.4.0/avr5\libgcc.a(_udivmodhi4.o)
 .text.libgcc.mul
                0x00000000        0x0 e:/7.0/toolchain/avr8/avr8-gnu-toolchain/bin/../lib/gcc/avr/5.4.0/avr5\libgcc.a(_udivmodhi4.o)
 .text.libgcc   0x00000000        0x0 e:/7.0/toolchain/avr8/avr8-gnu-toolchain/bin/../lib/gcc/avr/5.4.0/avr5\libgcc.a(_udivmodhi4.o)
 .text.libgcc.prologue
                0x00000000        0x0 e:/7.0/toolchain/avr8/avr8-gnu-toolchain/bin/../lib/gcc/avr/5.4.0/avr5\libgcc.a(_udivmodhi4.o)
 .text.libgcc.builtins
                0x00000000        0x0 e:/7.0/toolchain/avr8/avr8-gnu-toolchain/bin/../lib/gcc/avr/5.4.0/avr5\libgcc.a(_udivmodhi4.o)
 .text.libgcc.fmul
                0x00000000        0x0 e:/7.0/toolchain/avr8/avr8-gnu-toolchain/bin/../lib/gcc/avr/5.4.0/avr5\libgcc.a(_udivmodhi4.o)
 .text.libgcc.fixed
                0x00000000        0x0 e:/7.0/toolchain/avr8/avr8-gnu-toolchain/bin/../lib/gcc/avr/5.4.0/avr5\libgcc.a(_udivmodhi4.o)
 .text          0x00000000        0x0 e:/7.0/toolchain/avr8/avr8-gnu-toolchain/bin/../lib/gcc/avr/5.4.0/../../../../avr/lib/avr5\libc.a(itoa.o)
 .data          0x00000000        0x0 e:/7.0/toolchain/avr8/avr8-gnu-toolchain/bin/../lib/gcc/avr/5.4.0/../../../../avr/lib/avr5\libc.a(itoa.o)
 .bss           0x00000000        0x0 e:/7.0/toolchain/avr8/avr8-gnu-toolchain/bin/../lib/gcc/avr/5.4.0/../../../../avr/lib/avr5\libc.a(itoa.o)
 .text          0x00000000        0x0 e:/7.0/toolchain/avr8/avr8-gnu-toolchain/bin/../lib/gcc/avr/5.4.0/../../../../avr/lib/avr5\libc.a(itoa_ncheck.o)
 .data          0x00000000        0x0 e:/7.0/toolchain/avr8/avr8-gnu-toolchain/bin/../lib/gcc/avr/5.4.0/../../../../avr/lib/avr5\libc.a(itoa_ncheck.o)
 .bss           0x00000000        0x0 e:/7.0/toolchain/avr8/avr8-gnu-toolchain/bin/../lib/gcc/avr/5.4.0/../../../../avr/lib/avr5\libc.a(itoa_ncheck.o)
 .text          0x00000000        0x0 e:/7.0/toolchain/avr8/avr8-gnu-toolchain/bin/../lib/gcc/avr/5.4.0/../../../../avr/lib/avr5\libc.a(utoa_ncheck.o)
 .data          0x00000000        0x0 e:/7.0/toolchain/avr8/avr8-gnu-toolchain/bin/../lib/gcc/avr/5.4.0/../../../../avr/lib/avr5\libc.a(utoa_ncheck.o)
 .bss           0x00000000        0x0 e:/7.0/toolchain/avr8/avr8-gnu-toolchain/bin/../lib/gcc/avr/5.4.0/../../../../avr/lib/avr5\libc.a(utoa_ncheck.o)
 .text          0x00000000        0x0 e:/7.0/toolchain/avr8/avr8-gnu-toolchain/bin/../lib/gcc/avr/5.4.0/../../../../avr/lib/avr5\libc.a(strrev.o)
 .data          0x00000000        0x0 e:/7.0/toolchain/avr8/avr8-gnu-toolchain/bin/../lib/gcc/avr/5.4.0/../../../../avr/lib/avr5\libc.a(strrev.o)
 .bss           0x00000000        0x0 e:/7.0/toolchain/avr8/avr8-gnu-toolchain/bin/../lib/gcc/avr/5.4.0/../../../../avr/lib/avr5\libc.a(strrev.o)

Memory Configuration

Name             Origin             Length             Attributes
text             0x00000000         0x00020000         xr
data             0x00800060         0x0000ffa0         rw !x
eeprom           0x00810000         0x00010000         rw !x
fuse             0x00820000         0x00000002         rw !x
lock             0x00830000         0x00000400         rw !x
signature        0x00840000         0x00000400         rw !x
user_signatures  0x00850000         0x00000400         rw !x
*default*        0x00000000         0xffffffff

Linker script and memory map

LOAD E:/7.0/Packs/atmel/ATmega_DFP/1.2.209/gcc/dev/atmega32/avr5/crtatmega32.o
LOAD APP/APP.o
LOAD HAL/BUZZER/Buzzer.o
LOAD HAL/EEPROM/EEPROm.o
LOAD HAL/FAN/fan_motors.o
LOAD HAL/LCD/LCD.o
LOAD HAL/LED/LED.o
LOAD HAL/SevenSegment/Seven_Segment.o
LOAD HAL/Temp sensor/LM35.o
LOAD main.o
LOAD MCAL/INTERUPTS/Interupt.o
LOAD MCAL/Timers/TIMERS.o
LOAD MCAL/TWI/I2C.o
START GROUP
LOAD e:/7.0/toolchain/avr8/avr8-gnu-toolchain/bin/../lib/gcc/avr/5.4.0/../../../../avr/lib/avr5\libm.a
END GROUP
START GROUP
LOAD e:/7.0/toolchain/avr8/avr8-gnu-toolchain/bin/../lib/gcc/avr/5.4.0/avr5\libgcc.a
LOAD e:/7.0/toolchain/avr8/avr8-gnu-toolchain/bin/../lib/gcc/avr/5.4.0/../../../../avr/lib/avr5\libm.a
LOAD e:/7.0/toolchain/avr8/avr8-gnu-toolchain/bin/../lib/gcc/avr/5.4.0/../../../../avr/lib/avr5\libc.a
LOAD E:/7.0/Packs/atmel/ATmega_DFP/1.2.209/gcc/dev/atmega32/avr5\libatmega32.a
END GROUP
                0x00020000                __TEXT_REGION_LENGTH__ = DEFINED (__TEXT_REGION_LENGTH__)?__TEXT_REGION_LENGTH__:0x20000
                0x0000ffa0                __DATA_REGION_LENGTH__ = DEFINED (__DATA_REGION_LENGTH__)?__DATA_REGION_LENGTH__:0xffa0
                0x00010000                __EEPROM_REGION_LENGTH__ = DEFINED (__EEPROM_REGION_LENGTH__)?__EEPROM_REGION_LENGTH__:0x10000
                [0x00000002]                __FUSE_REGION_LENGTH__ = DEFINED (__FUSE_REGION_LENGTH__)?__FUSE_REGION_LENGTH__:0x400
                0x00000400                __LOCK_REGION_LENGTH__ = DEFINED (__LOCK_REGION_LENGTH__)?__LOCK_REGION_LENGTH__:0x400
                0x00000400                __SIGNATURE_REGION_LENGTH__ = DEFINED (__SIGNATURE_REGION_LENGTH__)?__SIGNATURE_REGION_LENGTH__:0x400
                0x00000400                __USER_SIGNATURE_REGION_LENGTH__ = DEFINED (__USER_SIGNATURE_REGION_LENGTH__)?__USER_SIGNATURE_REGION_LENGTH__:0x400

.hash
 *(.hash)

.dynsym
 *(.dynsym)

.dynstr
 *(.dynstr)

.gnu.version
 *(.gnu.version)

.gnu.version_d
 *(.gnu.version_d)

.gnu.version_r
 *(.gnu.version_r)

.rel.init
 *(.rel.init)

.rela.init
 *(.rela.init)

.rel.text
 *(.rel.text)
 *(.rel.text.*)
 *(.rel.gnu.linkonce.t*)

.rela.text
 *(.rela.text)
 *(.rela.text.*)
 *(.rela.gnu.linkonce.t*)

.rel.fini
 *(.rel.fini)

.rela.fini
 *(.rela.fini)

.rel.rodata
 *(.rel.rodata)
 *(.rel.rodata.*)
 *(.rel.gnu.linkonce.r*)

.rela.rodata
 *(.rela.rodata)
 *(.rela.rodata.*)
 *(.rela.gnu.linkonce.r*)

.rel.data
 *(.rel.data)
 *(.rel.data.*)
 *(.rel.gnu.linkonce.d*)

.rela.data
 *(.rela.data)
 *(.rela.data.*)
 *(.rela.gnu.linkonce.d*)

.rel.ctors
 *(.rel.ctors)

.rela.ctors
 *(.rela.ctors)

.rel.dtors
 *(.rel.dtors)

.rela.dtors
 *(.rela.dtors)

.rel.got
 *(.rel.got)

.rela.got
 *(.rela.got)

.rel.bss
 *(.rel.bss)

.rela.bss
 *(.rela.bss)

.rel.plt
 *(.rel.plt)

.rela.plt
 *(.rela.plt)

.text           0x00000000      0xec8
 *(.vectors)
 .vectors       0x00000000       0x54 E:/7.0/Packs/atmel/ATmega_DFP/1.2.209/gcc/dev/atmega32/avr5/crtatmega32.o
                0x00000000                __vector_default
                0x00000000                __vectors
 *(.vectors)
 *(.progmem.gcc*)
                0x00000054                . = ALIGN (0x2)
                0x00000054                __trampolines_start = .
 *(.trampolines)
 .trampolines   0x00000054        0x0 linker stubs
 *(.trampolines*)
                0x00000054                __trampolines_end = .
 *libprintf_flt.a:*(.progmem.data)
 *libc.a:*(.progmem.data)
 *(.progmem*)
                0x00000054                . = ALIGN (0x2)
 *(.jumptables)
 *(.jumptables*)
 *(.lowtext)
 *(.lowtext*)
                0x00000054                __ctors_start = .
 *(.ctors)
                0x00000054                __ctors_end = .
                0x00000054                __dtors_start = .
 *(.dtors)
                0x00000054                __dtors_end = .
 SORT(*)(.ctors)
 SORT(*)(.dtors)
 *(.init0)
 .init0         0x00000054        0x0 E:/7.0/Packs/atmel/ATmega_DFP/1.2.209/gcc/dev/atmega32/avr5/crtatmega32.o
                0x00000054                __init
 *(.init0)
 *(.init1)
 *(.init1)
 *(.init2)
 .init2         0x00000054        0xc E:/7.0/Packs/atmel/ATmega_DFP/1.2.209/gcc/dev/atmega32/avr5/crtatmega32.o
 *(.init2)
 *(.init3)
 *(.init3)
 *(.init4)
 .init4         0x00000060       0x16 e:/7.0/toolchain/avr8/avr8-gnu-toolchain/bin/../lib/gcc/avr/5.4.0/avr5\libgcc.a(_copy_data.o)
                0x00000060                __do_copy_data
 .init4         0x00000076       0x10 e:/7.0/toolchain/avr8/avr8-gnu-toolchain/bin/../lib/gcc/avr/5.4.0/avr5\libgcc.a(_clear_bss.o)
                0x00000076                __do_clear_bss
 *(.init4)
 *(.init5)
 *(.init5)
 *(.init6)
 *(.init6)
 *(.init7)
 *(.init7)
 *(.init8)
 *(.init8)
 *(.init9)
 .init9         0x00000086        0x8 E:/7.0/Packs/atmel/ATmega_DFP/1.2.209/gcc/dev/atmega32/avr5/crtatmega32.o
 *(.init9)
 *(.text)
 .text          0x0000008e        0x4 E:/7.0/Packs/atmel/ATmega_DFP/1.2.209/gcc/dev/atmega32/avr5/crtatmega32.o
                0x0000008e                __vector_12
                0x0000008e                __bad_interrupt
                0x0000008e                __vector_6
                0x0000008e                __vector_11
                0x0000008e                __vector_13
                0x0000008e                __vector_17
                0x0000008e                __vector_19
                0x0000008e                __vector_7
                0x0000008e                __vector_5
                0x0000008e                __vector_4
                0x0000008e                __vector_9
                0x0000008e                __vector_15
                0x0000008e                __vector_8
                0x0000008e                __vector_14
                0x0000008e                __vector_16
                0x0000008e                __vector_18
                0x0000008e                __vector_20
                0x00000092                . = ALIGN (0x2)
 *(.text.*)
 .text.APP_init
                0x00000092       0x3e APP/APP.o
                0x00000092                APP_init
 .text.Mode_OFF
                0x000000d0       0x24 APP/APP.o
                0x000000d0                Mode_OFF
 .text.Mode_ON  0x000000f4      0x15e APP/APP.o
                0x000000f4                Mode_ON
 .text.__vector_3
                0x00000252       0x5c APP/APP.o
                0x00000252                __vector_3
 .text.__vector_1
                0x000002ae       0x74 APP/APP.o
                0x000002ae                __vector_1
 .text.__vector_2
                0x00000322       0x74 APP/APP.o
                0x00000322                __vector_2
 .text.Sev_seg_blink
                0x00000396       0x70 APP/APP.o
                0x00000396                Sev_seg_blink
 .text.Mode_set_tepmerture
                0x00000406       0xa4 APP/APP.o
                0x00000406                Mode_set_tepmerture
 .text.APP_start
                0x000004aa       0x28 APP/APP.o
                0x000004aa                APP_start
 .text.__vector_10
                0x000004d2       0x2e APP/APP.o
                0x000004d2                __vector_10
 .text.Buzzer_init
                0x00000500        0x4 HAL/BUZZER/Buzzer.o
                0x00000500                Buzzer_init
 .text.Buzzer_on
                0x00000504        0x4 HAL/BUZZER/Buzzer.o
                0x00000504                Buzzer_on
 .text.Buzzer_stop
                0x00000508        0x4 HAL/BUZZER/Buzzer.o
                0x00000508                Buzzer_stop
 .text.EEPROM_init
                0x0000050c        0x6 HAL/EEPROM/EEPROm.o
                0x0000050c                EEPROM_init
 .text.EEPROM_writeByte
                0x00000512       0x3a HAL/EEPROM/EEPROm.o
                0x00000512                EEPROM_writeByte
 .text.EEPROM_readByte
                0x0000054c       0x42 HAL/EEPROM/EEPROm.o
                0x0000054c                EEPROM_readByte
 .text.FAN_init
                0x0000058e        0x6 HAL/FAN/fan_motors.o
                0x0000058e                FAN_init
 .text.Heater_ON
                0x00000594        0x6 HAL/FAN/fan_motors.o
                0x00000594                Heater_ON
 .text.Cooler_ON
                0x0000059a        0x6 HAL/FAN/fan_motors.o
                0x0000059a                Cooler_ON
 .text.Fans_OFF
                0x000005a0        0x6 HAL/FAN/fan_motors.o
                0x000005a0                Fans_OFF
 .text.LCD_COMMAND
                0x000005a6       0x5e HAL/LCD/LCD.o
                0x000005a6                LCD_COMMAND
 .text.LCD_int  0x00000604       0x88 HAL/LCD/LCD.o
                0x00000604                LCD_int
 .text.LCD_char
                0x0000068c       0x5e HAL/LCD/LCD.o
                0x0000068c                LCD_char
 .text.LCD_String
                0x000006ea       0x1e HAL/LCD/LCD.o
                0x000006ea                LCD_String
 .text.LCD_Clear
                0x00000708       0x1a HAL/LCD/LCD.o
                0x00000708                LCD_Clear
 .text.LCD_Show_temp
                0x00000722       0x8a HAL/LCD/LCD.o
                0x00000722                LCD_Show_temp
 .text.LCD_off  0x000007ac       0x34 HAL/LCD/LCD.o
                0x000007ac                LCD_off
 .text.LCD_Show_set_temp
                0x000007e0       0x8a HAL/LCD/LCD.o
                0x000007e0                LCD_Show_set_temp
 .text.LED_init
                0x0000086a        0x4 HAL/LED/LED.o
                0x0000086a                LED_init
 .text.LED_COOLING
                0x0000086e        0x4 HAL/LED/LED.o
                0x0000086e                LED_COOLING
 .text.LED_HEATING
                0x00000872        0xa HAL/LED/LED.o
                0x00000872                LED_HEATING
 .text.LED_off  0x0000087c        0x4 HAL/LED/LED.o
                0x0000087c                LED_off
 .text.sev_seg_init
                0x00000880        0x4 HAL/SevenSegment/Seven_Segment.o
                0x00000880                sev_seg_init
 .text.sev_seg_enable
                0x00000884        0x4 HAL/SevenSegment/Seven_Segment.o
                0x00000884                sev_seg_enable
 .text.sev_seg_disable
                0x00000888        0x4 HAL/SevenSegment/Seven_Segment.o
                0x00000888                sev_seg_disable
 .text.sev_seg_1_displaynumper
                0x0000088c       0x76 HAL/SevenSegment/Seven_Segment.o
                0x0000088c                sev_seg_1_displaynumper
 .text.sev_seg_2_displaynumper
                0x00000902       0x76 HAL/SevenSegment/Seven_Segment.o
                0x00000902                sev_seg_2_displaynumper
 .text.ADC_initi
                0x00000978       0x14 HAL/Temp sensor/LM35.o
                0x00000978                ADC_initi
 .text.ADC_read
                0x0000098c       0x1e HAL/Temp sensor/LM35.o
                0x0000098c                ADC_read
 .text.avg_tempreture
                0x000009aa       0xb0 HAL/Temp sensor/LM35.o
                0x000009aa                avg_tempreture
 .text.main     0x00000a5a        0xe main.o
                0x00000a5a                main
 .text.interupts_init
                0x00000a68       0x1c MCAL/INTERUPTS/Interupt.o
                0x00000a68                interupts_init
 .text.interupts_ON
                0x00000a84        0xe MCAL/INTERUPTS/Interupt.o
                0x00000a84                interupts_ON
 .text.interupts_OFF
                0x00000a92        0xe MCAL/INTERUPTS/Interupt.o
                0x00000a92                interupts_OFF
 .text.timer_Init
                0x00000aa0       0x32 MCAL/Timers/TIMERS.o
                0x00000aa0                timer_Init
 .text.timer_OFF
                0x00000ad2       0x14 MCAL/Timers/TIMERS.o
                0x00000ad2                timer_OFF
 .text.I2C_Init
                0x00000ae6        0x8 MCAL/TWI/I2C.o
                0x00000ae6                I2C_Init
 .text.I2C_Start
                0x00000aee       0x3a MCAL/TWI/I2C.o
                0x00000aee                I2C_Start
 .text.I2C_Repeated_Start
                0x00000b28       0x3a MCAL/TWI/I2C.o
                0x00000b28                I2C_Repeated_Start
 .text.I2C_Write
                0x00000b62       0x24 MCAL/TWI/I2C.o
                0x00000b62                I2C_Write
 .text.I2C_Read_Ack
                0x00000b86        0xe MCAL/TWI/I2C.o
                0x00000b86                I2C_Read_Ack
 .text.I2C_Stop
                0x00000b94        0xc MCAL/TWI/I2C.o
                0x00000b94                I2C_Stop
 .text.avr-libc.fplib
                0x00000ba0       0x5e e:/7.0/toolchain/avr8/avr8-gnu-toolchain/bin/../lib/gcc/avr/5.4.0/../../../../avr/lib/avr5\libm.a(fixunssfsi.o)
                0x00000ba0                __fixunssfsi
 .text.avr-libc.fplib
                0x00000bfe       0x7a e:/7.0/toolchain/avr8/avr8-gnu-toolchain/bin/../lib/gcc/avr/5.4.0/../../../../avr/lib/avr5\libm.a(floatsisf.o)
                0x00000bfe                __floatunsisf
                0x00000c02                __floatsisf
 .text.avr-libc.fplib
                0x00000c78       0x44 e:/7.0/toolchain/avr8/avr8-gnu-toolchain/bin/../lib/gcc/avr/5.4.0/../../../../avr/lib/avr5\libm.a(fp_split3.o)
                0x00000c78                __fp_split3
                0x00000c88                __fp_splitA
 .text.avr-libc.fplib
                0x00000cbc        0xe e:/7.0/toolchain/avr8/avr8-gnu-toolchain/bin/../lib/gcc/avr/5.4.0/../../../../avr/lib/avr5\libm.a(fp_zero.o)
                0x00000cbc                __fp_zero
                0x00000cbe                __fp_szero
 .text.avr-libc.fplib
                0x00000cca        0x8 e:/7.0/toolchain/avr8/avr8-gnu-toolchain/bin/../lib/gcc/avr/5.4.0/../../../../avr/lib/avr5\libm.a(mulsf3.o)
                0x00000cca                __mulsf3
 .text.avr-libc.fplib
                0x00000cd2       0xd2 e:/7.0/toolchain/avr8/avr8-gnu-toolchain/bin/../lib/gcc/avr/5.4.0/../../../../avr/lib/avr5\libm.a(mulsf3x.o)
                0x00000cf0                __mulsf3x
                0x00000cf6                __mulsf3_pse
 .text.avr-libc.fplib
                0x00000da4        0xc e:/7.0/toolchain/avr8/avr8-gnu-toolchain/bin/../lib/gcc/avr/5.4.0/../../../../avr/lib/avr5\libm.a(fp_inf.o)
                0x00000da4                __fp_inf
 .text.avr-libc.fplib
                0x00000db0        0x6 e:/7.0/toolchain/avr8/avr8-gnu-toolchain/bin/../lib/gcc/avr/5.4.0/../../../../avr/lib/avr5\libm.a(fp_nan.o)
                0x00000db0                __fp_nan
 .text.avr-libc.fplib
                0x00000db6        0xe e:/7.0/toolchain/avr8/avr8-gnu-toolchain/bin/../lib/gcc/avr/5.4.0/../../../../avr/lib/avr5\libm.a(fp_pscA.o)
                0x00000db6                __fp_pscA
 .text.avr-libc.fplib
                0x00000dc4        0xe e:/7.0/toolchain/avr8/avr8-gnu-toolchain/bin/../lib/gcc/avr/5.4.0/../../../../avr/lib/avr5\libm.a(fp_pscB.o)
                0x00000dc4                __fp_pscB
 .text.avr-libc.fplib
                0x00000dd2       0x22 e:/7.0/toolchain/avr8/avr8-gnu-toolchain/bin/../lib/gcc/avr/5.4.0/../../../../avr/lib/avr5\libm.a(fp_round.o)
                0x00000dd2                __fp_round
 .text.libgcc.div
                0x00000df4       0x28 e:/7.0/toolchain/avr8/avr8-gnu-toolchain/bin/../lib/gcc/avr/5.4.0/avr5\libgcc.a(_divmodhi4.o)
                0x00000df4                _div
                0x00000df4                __divmodhi4
 .text.libgcc.div
                0x00000e1c       0x28 e:/7.0/toolchain/avr8/avr8-gnu-toolchain/bin/../lib/gcc/avr/5.4.0/avr5\libgcc.a(_udivmodhi4.o)
                0x00000e1c                __udivmodhi4
 .text.avr-libc
                0x00000e44       0x16 e:/7.0/toolchain/avr8/avr8-gnu-toolchain/bin/../lib/gcc/avr/5.4.0/../../../../avr/lib/avr5\libc.a(itoa.o)
                0x00000e44                __itoa
                0x00000e44                itoa
 .text.avr-libc
                0x00000e5a       0x16 e:/7.0/toolchain/avr8/avr8-gnu-toolchain/bin/../lib/gcc/avr/5.4.0/../../../../avr/lib/avr5\libc.a(itoa_ncheck.o)
                0x00000e5a                __itoa_ncheck
 .text.avr-libc
                0x00000e70       0x34 e:/7.0/toolchain/avr8/avr8-gnu-toolchain/bin/../lib/gcc/avr/5.4.0/../../../../avr/lib/avr5\libc.a(utoa_ncheck.o)
                0x00000e70                __utoa_ncheck
                0x00000e72                __utoa_common
 .text.avr-libc
                0x00000ea4       0x20 e:/7.0/toolchain/avr8/avr8-gnu-toolchain/bin/../lib/gcc/avr/5.4.0/../../../../avr/lib/avr5\libc.a(strrev.o)
                0x00000ea4                strrev
                0x00000ec4                . = ALIGN (0x2)
 *(.fini9)
 .fini9         0x00000ec4        0x0 e:/7.0/toolchain/avr8/avr8-gnu-toolchain/bin/../lib/gcc/avr/5.4.0/avr5\libgcc.a(_exit.o)
                0x00000ec4                _exit
                0x00000ec4                exit
 *(.fini9)
 *(.fini8)
 *(.fini8)
 *(.fini7)
 *(.fini7)
 *(.fini6)
 *(.fini6)
 *(.fini5)
 *(.fini5)
 *(.fini4)
 *(.fini4)
 *(.fini3)
 *(.fini3)
 *(.fini2)
 *(.fini2)
 *(.fini1)
 *(.fini1)
 *(.fini0)
 .fini0         0x00000ec4        0x4 e:/7.0/toolchain/avr8/avr8-gnu-toolchain/bin/../lib/gcc/avr/5.4.0/avr5\libgcc.a(_exit.o)
 *(.fini0)
                0x00000ec8                _etext = .

.data           0x00800060       0x6c load address 0x00000ec8
                0x00800060                PROVIDE (__data_start, .)
 *(.data)
 *(.data*)
 .data.seconds_counter
                0x00800060        0x2 APP/APP.o
                0x00800060                seconds_counter
 .data.delay    0x00800062        0x2 APP/APP.o
                0x00800062                delay
 .data.set_Temperture
                0x00800064        0x1 APP/APP.o
                0x00800064                set_Temperture
 *(.gnu.linkonce.d*)
 *(.rodata)
 *(.rodata*)
 .rodata.str1.1
                0x00800065       0x3a APP/APP.o
 .rodata.str1.1
                0x0080009f       0x2c HAL/LCD/LCD.o
 *(.gnu.linkonce.r*)
                0x008000cc                . = ALIGN (0x2)
 *fill*         0x008000cb        0x1 
                0x008000cc                _edata = .
                0x008000cc                PROVIDE (__data_end, .)

.bss            0x008000cc        0x6
                0x008000cc                PROVIDE (__bss_start, .)
 *(.bss)
 *(.bss*)
 .bss.prev_state
                0x008000cc        0x1 APP/APP.o
                0x008000cc                prev_state
 .bss.tick_counter
                0x008000cd        0x2 APP/APP.o
                0x008000cd                tick_counter
 .bss.temp      0x008000cf        0x2 APP/APP.o
                0x008000cf                temp
 .bss.state     0x008000d1        0x1 APP/APP.o
                0x008000d1                state
 *(COMMON)
                0x008000d2                PROVIDE (__bss_end, .)
                0x00000ec8                __data_load_start = LOADADDR (.data)
                0x00000f34                __data_load_end = (__data_load_start + SIZEOF (.data))

.noinit         0x008000d2        0x0
                [!provide]                PROVIDE (__noinit_start, .)
 *(.noinit*)
                [!provide]                PROVIDE (__noinit_end, .)
                0x008000d2                _end = .
                [!provide]                PROVIDE (__heap_start, .)

.eeprom         0x00810000        0x0
 *(.eeprom*)
                0x00810000                __eeprom_end = .

.fuse
 *(.fuse)
 *(.lfuse)
 *(.hfuse)
 *(.efuse)

.lock
 *(.lock*)

.signature
 *(.signature*)

.user_signatures
 *(.user_signatures*)

.stab
 *(.stab)

.stabstr
 *(.stabstr)

.stab.excl
 *(.stab.excl)

.stab.exclstr
 *(.stab.exclstr)

.stab.index
 *(.stab.index)

.stab.indexstr
 *(.stab.indexstr)

.comment        0x00000000       0x30
 *(.comment)
 .comment       0x00000000       0x30 APP/APP.o
                                 0x31 (size before relaxing)
 .comment       0x00000030       0x31 HAL/BUZZER/Buzzer.o
 .comment       0x00000030       0x31 HAL/EEPROM/EEPROm.o
 .comment       0x00000030       0x31 HAL/FAN/fan_motors.o
 .comment       0x00000030       0x31 HAL/LCD/LCD.o
 .comment       0x00000030       0x31 HAL/LED/LED.o
 .comment       0x00000030       0x31 HAL/SevenSegment/Seven_Segment.o
 .comment       0x00000030       0x31 HAL/Temp sensor/LM35.o
 .comment       0x00000030       0x31 main.o
 .comment       0x00000030       0x31 MCAL/INTERUPTS/Interupt.o
 .comment       0x00000030       0x31 MCAL/Timers/TIMERS.o
 .comment       0x00000030       0x31 MCAL/TWI/I2C.o

.note.gnu.avr.deviceinfo
                0x00000000       0x3c
 .note.gnu.avr.deviceinfo
                0x00000000       0x3c E:/7.0/Packs/atmel/ATmega_DFP/1.2.209/gcc/dev/atmega32/avr5/crtatmega32.o

.note.gnu.build-id
 *(.note.gnu.build-id)

.debug
 *(.debug)

.line
 *(.line)

.debug_srcinfo
 *(.debug_srcinfo)

.debug_sfnames
 *(.debug_sfnames)

.debug_aranges  0x00000000      0x2d0
 *(.debug_aranges)
 .debug_aranges
                0x00000000       0x68 APP/APP.o
 .debug_aranges
                0x00000068       0x30 HAL/BUZZER/Buzzer.o
 .debug_aranges
                0x00000098       0x40 HAL/EEPROM/EEPROm.o
 .debug_aranges
                0x000000d8       0x38 HAL/FAN/fan_motors.o
 .debug_aranges
                0x00000110       0x58 HAL/LCD/LCD.o
 .debug_aranges
                0x00000168       0x38 HAL/LED/LED.o
 .debug_aranges
                0x000001a0       0x40 HAL/SevenSegment/Seven_Segment.o
 .debug_aranges
                0x000001e0       0x30 HAL/Temp sensor/LM35.o
 .debug_aranges
                0x00000210       0x20 main.o
 .debug_aranges
                0x00000230       0x30 MCAL/INTERUPTS/Interupt.o
 .debug_aranges
                0x00000260       0x28 MCAL/Timers/TIMERS.o
 .debug_aranges
                0x00000288       0x48 MCAL/TWI/I2C.o

.debug_pubnames
 *(.debug_pubnames)

.debug_info     0x00000000     0x24f6
 *(.debug_info .gnu.linkonce.wi.*)
 .debug_info    0x00000000      0x4e6 E:/7.0/Packs/atmel/ATmega_DFP/1.2.209/gcc/dev/atmega32/avr5/crtatmega32.o
 .debug_info    0x000004e6      0x912 APP/APP.o
 .debug_info    0x00000df8       0xac HAL/BUZZER/Buzzer.o
 .debug_info    0x00000ea4      0x515 HAL/EEPROM/EEPROm.o
 .debug_info    0x000013b9       0xc5 HAL/FAN/fan_motors.o
 .debug_info    0x0000147e      0x8bc HAL/LCD/LCD.o
 .debug_info    0x00001d3a       0xc1 HAL/LED/LED.o
 .debug_info    0x00001dfb      0x13c HAL/SevenSegment/Seven_Segment.o
 .debug_info    0x00001f37      0x25c HAL/Temp sensor/LM35.o
 .debug_info    0x00002193       0xad main.o
 .debug_info    0x00002240       0xaf MCAL/INTERUPTS/Interupt.o
 .debug_info    0x000022ef       0x99 MCAL/Timers/TIMERS.o
 .debug_info    0x00002388      0x16e MCAL/TWI/I2C.o

.debug_abbrev   0x00000000      0xe4a
 *(.debug_abbrev)
 .debug_abbrev  0x00000000      0x4a3 E:/7.0/Packs/atmel/ATmega_DFP/1.2.209/gcc/dev/atmega32/avr5/crtatmega32.o
 .debug_abbrev  0x000004a3      0x1ed APP/APP.o
 .debug_abbrev  0x00000690       0x4f HAL/BUZZER/Buzzer.o
 .debug_abbrev  0x000006df      0x13e HAL/EEPROM/EEPROm.o
 .debug_abbrev  0x0000081d       0x51 HAL/FAN/fan_motors.o
 .debug_abbrev  0x0000086e      0x1a8 HAL/LCD/LCD.o
 .debug_abbrev  0x00000a16       0x4f HAL/LED/LED.o
 .debug_abbrev  0x00000a65       0xb5 HAL/SevenSegment/Seven_Segment.o
 .debug_abbrev  0x00000b1a      0x188 HAL/Temp sensor/LM35.o
 .debug_abbrev  0x00000ca2       0x65 main.o
 .debug_abbrev  0x00000d07       0x51 MCAL/INTERUPTS/Interupt.o
 .debug_abbrev  0x00000d58       0x51 MCAL/Timers/TIMERS.o
 .debug_abbrev  0x00000da9       0xa1 MCAL/TWI/I2C.o

.debug_line     0x00000000     0x15f3
 *(.debug_line .debug_line.* .debug_line_end)
 .debug_line    0x00000000      0x115 E:/7.0/Packs/atmel/ATmega_DFP/1.2.209/gcc/dev/atmega32/avr5/crtatmega32.o
 .debug_line    0x00000115      0x59e APP/APP.o
 .debug_line    0x000006b3       0xb5 HAL/BUZZER/Buzzer.o
 .debug_line    0x00000768      0x21d HAL/EEPROM/EEPROm.o
 .debug_line    0x00000985       0xe4 HAL/FAN/fan_motors.o
 .debug_line    0x00000a69      0x3ae HAL/LCD/LCD.o
 .debug_line    0x00000e17       0xc7 HAL/LED/LED.o
 .debug_line    0x00000ede      0x159 HAL/SevenSegment/Seven_Segment.o
 .debug_line    0x00001037      0x18d HAL/Temp sensor/LM35.o
 .debug_line    0x000011c4       0x62 main.o
 .debug_line    0x00001226       0xe1 MCAL/INTERUPTS/Interupt.o
 .debug_line    0x00001307       0xde MCAL/Timers/TIMERS.o
 .debug_line    0x000013e5      0x20e MCAL/TWI/I2C.o

.debug_frame    0x00000000      0x640
 *(.debug_frame)
 .debug_frame   0x00000000      0x1f0 APP/APP.o
 .debug_frame   0x000001f0       0x44 HAL/BUZZER/Buzzer.o
 .debug_frame   0x00000234       0xb4 HAL/EEPROM/EEPROm.o
 .debug_frame   0x000002e8       0x54 HAL/FAN/fan_motors.o
 .debug_frame   0x0000033c       0xe8 HAL/LCD/LCD.o
 .debug_frame   0x00000424       0x54 HAL/LED/LED.o
 .debug_frame   0x00000478       0x64 HAL/SevenSegment/Seven_Segment.o
 .debug_frame   0x000004dc       0x54 HAL/Temp sensor/LM35.o
 .debug_frame   0x00000530       0x24 main.o
 .debug_frame   0x00000554       0x44 MCAL/INTERUPTS/Interupt.o
 .debug_frame   0x00000598       0x34 MCAL/Timers/TIMERS.o
 .debug_frame   0x000005cc       0x74 MCAL/TWI/I2C.o

.debug_str      0x00000000      0x7b3
 *(.debug_str)
 .debug_str     0x00000000      0x196 E:/7.0/Packs/atmel/ATmega_DFP/1.2.209/gcc/dev/atmega32/avr5/crtatmega32.o
 .debug_str     0x00000196      0x419 APP/APP.o
                                0x468 (size before relaxing)
 .debug_str     0x000005af       0x17 HAL/BUZZER/Buzzer.o
                                0x1bf (size before relaxing)
 .debug_str     0x000005c6       0xbd HAL/EEPROM/EEPROm.o
                                0x2b8 (size before relaxing)
 .debug_str     0x00000683       0x18 HAL/FAN/fan_motors.o
                                0x1c4 (size before relaxing)
 .debug_str     0x0000069b       0x28 HAL/LCD/LCD.o
                                0x24f (size before relaxing)
 .debug_str     0x000006c3       0x11 HAL/LED/LED.o
                                0x1c0 (size before relaxing)
 .debug_str     0x000006d4       0x29 HAL/SevenSegment/Seven_Segment.o
                                0x20b (size before relaxing)
 .debug_str     0x000006fd       0x45 HAL/Temp sensor/LM35.o
                                0x244 (size before relaxing)
 .debug_str     0x00000742       0x11 main.o
                                0x1a2 (size before relaxing)
 .debug_str     0x00000753       0x1d MCAL/INTERUPTS/Interupt.o
                                0x1cd (size before relaxing)
 .debug_str     0x00000770       0x18 MCAL/Timers/TIMERS.o
                                0x1b3 (size before relaxing)
 .debug_str     0x00000788       0x2b MCAL/TWI/I2C.o
                                0x204 (size before relaxing)

.debug_loc      0x00000000     0x16a8
 *(.debug_loc)
 .debug_loc     0x00000000      0x629 APP/APP.o
 .debug_loc     0x00000629      0x54b HAL/EEPROM/EEPROm.o
 .debug_loc     0x00000b74      0x77e HAL/LCD/LCD.o
 .debug_loc     0x000012f2       0x80 HAL/SevenSegment/Seven_Segment.o
 .debug_loc     0x00001372      0x1b6 HAL/Temp sensor/LM35.o
 .debug_loc     0x00001528      0x180 MCAL/TWI/I2C.o

.debug_macinfo
 *(.debug_macinfo)

.debug_weaknames
 *(.debug_weaknames)

.debug_funcnames
 *(.debug_funcnames)

.debug_typenames
 *(.debug_typenames)

.debug_varnames
 *(.debug_varnames)

.debug_pubtypes
 *(.debug_pubtypes)

.debug_ranges   0x00000000      0x210
 *(.debug_ranges)
 .debug_ranges  0x00000000       0x58 APP/APP.o
 .debug_ranges  0x00000058       0x20 HAL/BUZZER/Buzzer.o
 .debug_ranges  0x00000078       0x30 HAL/EEPROM/EEPROm.o
 .debug_ranges  0x000000a8       0x28 HAL/FAN/fan_motors.o
 .debug_ranges  0x000000d0       0x48 HAL/LCD/LCD.o
 .debug_ranges  0x00000118       0x28 HAL/LED/LED.o
 .debug_ranges  0x00000140       0x30 HAL/SevenSegment/Seven_Segment.o
 .debug_ranges  0x00000170       0x20 HAL/Temp sensor/LM35.o
 .debug_ranges  0x00000190       0x10 main.o
 .debug_ranges  0x000001a0       0x20 MCAL/INTERUPTS/Interupt.o
 .debug_ranges  0x000001c0       0x18 MCAL/Timers/TIMERS.o
 .debug_ranges  0x000001d8       0x38 MCAL/TWI/I2C.o

.debug_macro
 *(.debug_macro)
OUTPUT(Electric_Water_Heater.elf elf32-avr)
LOAD linker stubs
